Enter password: *****
Welcome to the MySQL monitor.  Commands end with ; or \g.
Your MySQL connection id is 5
Server version: 5.5.62 MySQL Community Server (GPL)

Copyright (c) 2000, 2018, Oracle and/or its affiliates. All rights reserved.

Oracle is a registered trademark of Oracle Corporation and/or its
affiliates. Other names may be trademarks of their respective
owners.

Type 'help;' or '\h' for help. Type '\c' to clear the current input statement.

mysql> create Database vinayreddy;
Query OK, 1 row affected (0.00 sec)

mysql> use vinayreddy;
Database changed
mysql> create table shopping (place char(5),items char(6),price int(10),offer int(10),payment int(5));
Query OK, 0 rows affected (0.09 sec)

mysql> desc shopping;
+---------+---------+------+-----+---------+-------+
| Field   | Type    | Null | Key | Default | Extra |
+---------+---------+------+-----+---------+-------+
| place   | char(5) | YES  |     | NULL    |       |
| items   | char(6) | YES  |     | NULL    |       |
| price   | int(10) | YES  |     | NULL    |       |
| offer   | int(10) | YES  |     | NULL    |       |
| payment | int(5)  | YES  |     | NULL    |       |
+---------+---------+------+-----+---------+-------+
5 rows in set (0.02 sec)

mysql> insert into shopping values
    ->
    ->
    ->
    ->
    -> insert into shopping values('goa','food',10,5,15);
ERROR 1064 (42000): You have an error in your SQL syntax; check the manual that corresponds to your MySQL server version for the right syntax to use near 'insert into shopping values('goa','food',10,5,15)' at line 6
mysql> insert into shopping values ('goa','food',10,5,15);
Query OK, 1 row affected (0.06 sec)

mysql> select * from shopping;
+-------+-------+-------+-------+---------+
| place | items | price | offer | payment |
+-------+-------+-------+-------+---------+
| goa   | food  |    10 |     5 |      15 |
+-------+-------+-------+-------+---------+
1 row in set (0.00 sec)

mysql> alter table shopping add clothes char(10);
Query OK, 1 row affected (0.23 sec)
Records: 1  Duplicates: 0  Warnings: 0

mysql> desc shopping;
+---------+----------+------+-----+---------+-------+
| Field   | Type     | Null | Key | Default | Extra |
+---------+----------+------+-----+---------+-------+
| place   | char(5)  | YES  |     | NULL    |       |
| items   | char(6)  | YES  |     | NULL    |       |
| price   | int(10)  | YES  |     | NULL    |       |
| offer   | int(10)  | YES  |     | NULL    |       |
| payment | int(5)   | YES  |     | NULL    |       |
| clothes | char(10) | YES  |     | NULL    |       |
+---------+----------+------+-----+---------+-------+
6 rows in set (0.02 sec)

mysql> drop table shopping remove offer int(10);
ERROR 1064 (42000): You have an error in your SQL syntax; check the manual that corresponds to your MySQL server version for the right syntax to use near 'remove offer int(10)' at line 1
mysql> alter table shopping add primary key (price);
Query OK, 1 row affected (0.36 sec)
Records: 1  Duplicates: 0  Warnings: 0

mysql> desc shopping;
+---------+----------+------+-----+---------+-------+
| Field   | Type     | Null | Key | Default | Extra |
+---------+----------+------+-----+---------+-------+
| place   | char(5)  | YES  |     | NULL    |       |
| items   | char(6)  | YES  |     | NULL    |       |
| price   | int(10)  | NO   | PRI | 0       |       |
| offer   | int(10)  | YES  |     | NULL    |       |
| payment | int(5)   | YES  |     | NULL    |       |
| clothes | char(10) | YES  |     | NULL    |       |
+---------+----------+------+-----+---------+-------+
6 rows in set (0.00 sec)

mysql> alter table shopping add unique key (price);
Query OK, 0 rows affected (0.12 sec)
Records: 0  Duplicates: 0  Warnings: 0

mysql> desc shopping;
+---------+----------+------+-----+---------+-------+
| Field   | Type     | Null | Key | Default | Extra |
+---------+----------+------+-----+---------+-------+
| place   | char(5)  | YES  |     | NULL    |       |
| items   | char(6)  | YES  |     | NULL    |       |
| price   | int(10)  | NO   | PRI | 0       |       |
| offer   | int(10)  | YES  |     | NULL    |       |
| payment | int(5)   | YES  |     | NULL    |       |
| clothes | char(10) | YES  |     | NULL    |       |
+---------+----------+------+-----+---------+-------+
6 rows in set (0.06 sec)

mysql> alter table shopping add unique key (offer);
Query OK, 0 rows affected (0.14 sec)
Records: 0  Duplicates: 0  Warnings: 0

mysql> desc shopping;
+---------+----------+------+-----+---------+-------+
| Field   | Type     | Null | Key | Default | Extra |
+---------+----------+------+-----+---------+-------+
| place   | char(5)  | YES  |     | NULL    |       |
| items   | char(6)  | YES  |     | NULL    |       |
| price   | int(10)  | NO   | PRI | 0       |       |
| offer   | int(10)  | YES  | UNI | NULL    |       |
| payment | int(5)   | YES  |     | NULL    |       |
| clothes | char(10) | YES  |     | NULL    |       |
+---------+----------+------+-----+---------+-------+
6 rows in set (0.00 sec)

